[/] a1==a1(file)
[/] a2==a2(file)
[/] a3==a3(file)
Entries are identical
total: 3, equal: 3, distinct: 0, only left: 0, only right: 0
